Running suite scommand
test_scommand.c:20:P:Precondition:test_destroy_null:0: Passed
test_scommand.c:27:P:Precondition:test_push_back_null:0: Passed
test_scommand.c:33:P:Precondition:test_push_back_argument_null:0: Passed
test_scommand.c:41:P:Precondition:test_pop_front_null:0: Passed
test_scommand.c:47:P:Precondition:test_pop_front_empty:0: Passed
test_scommand.c:55:P:Precondition:test_set_redir_in_null:0: Passed
test_scommand.c:61:P:Precondition:test_set_redir_out_null:0: Passed
test_scommand.c:67:P:Precondition:test_is_empty_null:0: Passed
test_scommand.c:73:P:Precondition:test_length_null:0: Passed
test_scommand.c:79:P:Precondition:test_front_null:0: Passed
test_scommand.c:85:P:Precondition:test_front_empty:0: Passed
test_scommand.c:93:P:Precondition:test_get_redir_in_null:0: Passed
test_scommand.c:99:P:Precondition:test_get_redir_out_null:0: Passed
test_scommand.c:105:P:Precondition:test_to_string_null:0: Passed
test_scommand.c:113:P:Creation:test_new_destroy:0: Passed
test_scommand.c:126:P:Creation:test_new_is_empty:0: Passed
test_scommand.c:156:P:Functionality:test_adding_emptying:0: Passed
test_scommand.c:172:P:Functionality:test_adding_emptying_length:0: Passed
test_scommand.c:207:P:Functionality:test_fifo:0: Passed
test_scommand.c:221:P:Functionality:test_front_idempotent:0: Passed
test_scommand.c:230:P:Functionality:test_front_is_back:0: Passed
test_scommand.c:239:P:Functionality:test_front_is_not_back:0: Passed
test_scommand.c:253:P:Functionality:test_redir:0: Passed
test_scommand.c:282:P:Functionality:test_independent_redirs:0: Passed
test_scommand.c:292:P:Functionality:test_to_string_empty:0: Passed
test_scommand.c:329:P:Functionality:test_to_string:0: Passed
Running suite pipeline
test_pipeline.c:16:P:Precondition:test_destroy_null:0: Passed
test_pipeline.c:23:P:Precondition:test_push_back_null:0: Passed
test_pipeline.c:31:P:Precondition:test_push_back_scmd_null:0: Passed
test_pipeline.c:39:P:Precondition:test_pop_front_null:0: Passed
test_pipeline.c:45:P:Precondition:test_pop_front_empty:0: Passed
test_pipeline.c:53:P:Precondition:test_set_wait_null:0: Passed
test_pipeline.c:59:P:Precondition:test_is_empty_null:0: Passed
test_pipeline.c:65:P:Precondition:test_length_null:0: Passed
test_pipeline.c:71:P:Precondition:test_front_null:0: Passed
test_pipeline.c:77:P:Precondition:test_front_empty:0: Passed
test_pipeline.c:85:P:Precondition:test_get_wait_null:0: Passed
test_pipeline.c:91:P:Precondition:test_to_string_null:0: Passed
test_pipeline.c:99:P:Creation:test_new_destroy:0: Passed
test_pipeline.c:133:P:Functionality:test_adding_emptying:0: Passed
test_pipeline.c:150:P:Functionality:test_adding_emptying_length:0: Passed
test_pipeline.c:169:P:Functionality:test_fifo:0: Passed
test_pipeline.c:182:P:Functionality:test_front_idempotent:0: Passed
test_pipeline.c:192:P:Functionality:test_front_is_back:0: Passed
test_pipeline.c:203:P:Functionality:test_front_is_not_back:0: Passed
test_pipeline.c:212:P:Functionality:test_wait:0: Passed
test_pipeline.c:221:P:Functionality:test_to_string_empty:0: Passed
test_pipeline.c:248:P:Functionality:test_to_string:0: Passed
Running suite parser
test_parsing.c:83:P:Precondition:test_parse_closed:0: Passed
test_parsing.c:111:P:General:test_consumes_until_newline:0: Passed
test_parsing.c:122:P:General:test_consumes_until_eof:0: Passed
test_parsing.c:137:P:Valid:test_empty:0: Passed
test_parsing.c:172:P:Valid:test_command:0: Passed
test_parsing.c:195:P:Valid:test_command_with_args:0: Passed
test_parsing.c:215:P:Valid:test_command_background:0: Passed
test_parsing.c:237:P:Valid:test_command_redir_in:0: Passed
test_parsing.c:260:P:Valid:test_command_redir_out:0: Passed
test_parsing.c:284:P:Valid:test_command_redir_both:0: Passed
test_parsing.c:312:P:Valid:test_pipe_simple:0: Passed
test_parsing.c:342:P:Valid:test_pipe_with_args:0: Passed
test_parsing.c:372:P:Valid:test_pipe_background:0: Passed
test_parsing.c:67:P:Valid:test_non_alphabetic_args:0: Passed
test_parsing.c:67:P:Valid:test_many_args:0: Passed
Running suite execute
test_execute.c:12:P:Precondition:test_pipeline_null:0: Passed
test_execute.c:42:P:Functionality:test_null:0: Passed
test_execute.c:68:P:Functionality:test_builtin_exit:0: Passed
test_execute.c:90:P:Functionality:test_builtin_chdir:0: Passed
test_execute.c:127:P:Functionality:test_external_1_simple_parent:0: Passed
test_execute.c:164:P:Functionality:test_external_1_simple_child:0: Passed
test_execute.c:195:P:Functionality:test_external_1_simple_background:0: Passed
test_execute.c:229:P:Functionality:test_external_arguments:0: Passed
test_execute.c:293:P:Functionality:test_pipe2_parent:0: Passed
test_execute.c:344:P:Functionality:test_pipe2_child1:0: Passed
test_execute.c:394:P:Functionality:test_pipe2_child2:0: Passed
test_execute.c:427:P:Functionality:test_redir_inout_parent:0: Passed
test_execute.c:463:P:Functionality:test_redir_out_child:0: Passed
test_execute.c:499:P:Functionality:test_redir_in_child:0: Passed
test_execute.c:541:P:Functionality:test_redir_inout_child:0: Passed
Results for all suites run:
100%: Checks: 78, Failures: 0, Errors: 0
